// Vitest Snapshot v1

exports[`Testing SkillSection component > Should match the snapshot 1`] = `
<div>
  <section
    class="re-Main-SkillsSection"
    id="re-SkillsSection"
  >
    <div
      class="re-SkillsSection-content"
    >
      <h1
        class="re-SkillsSection-title"
      >
        Skills
      </h1>
    </div>
    <div
      class="re-SkillsSection-wrapSkills"
    >
      <div
        class="re-SkillsSection-wrapSkillCard"
      >
        <div
          class="re-SkillsCard"
        >
          <h1
            class="re-SkillsCard-title"
          >
            Frontend
          </h1>
          <div
            class="re-SkillsCard-wrapSkillsItems"
          >
            <div
              class="re-SkillItem"
            >
              <p
                class="re-SkillItem-title"
              >
                HTML
              </p>
              <span
                class="re-SkillItem-icon"
              >
                <svg
                  class="Icon Icon--SiHtml5 u-SImI"
                  fill="currentColor"
                  height="1em"
                  role="img"
                  stroke="currentColor"
                  stroke-width="0"
                  viewBox="0 0 24 24"
                  width="1em"
                  xmlns="http://www.w3.org/2000/svg"
                >
                  <title />
                  <path
                    d="M1.5 0h21l-1.91 21.563L11.977 24l-8.564-2.438L1.5 0zm7.031 9.75l-.232-2.718 10.059.003.23-2.622L5.412 4.41l.698 8.01h9.126l-.326 3.426-2.91.804-2.955-.81-.188-2.11H6.248l.33 4.171L12 19.351l5.379-1.443.744-8.157H8.531z"
                  />
                </svg>
              </span>
            </div>
            <div
              class="re-SkillItem"
            >
              <p
                class="re-SkillItem-title"
              >
                CSS
              </p>
              <span
                class="re-SkillItem-icon"
              >
                <svg
                  class="Icon Icon--SiCss3 u-SImI"
                  fill="currentColor"
                  height="1em"
                  role="img"
                  stroke="currentColor"
                  stroke-width="0"
                  viewBox="0 0 24 24"
                  width="1em"
                  xmlns="http://www.w3.org/2000/svg"
                >
                  <title />
                  <path
                    d="M1.5 0h21l-1.91 21.563L11.977 24l-8.565-2.438L1.5 0zm17.09 4.413L5.41 4.41l.213 2.622 10.125.002-.255 2.716h-6.64l.24 2.573h6.182l-.366 3.523-2.91.804-2.956-.81-.188-2.11h-2.61l.29 3.855L12 19.288l5.373-1.53L18.59 4.414z"
                  />
                </svg>
              </span>
            </div>
            <div
              class="re-SkillItem"
            >
              <p
                class="re-SkillItem-title"
              >
                JavaScript
              </p>
              <span
                class="re-SkillItem-icon"
              >
                <svg
                  class="Icon Icon--SiJavascript u-SImI"
                  fill="currentColor"
                  height="1em"
                  role="img"
                  stroke="currentColor"
                  stroke-width="0"
                  viewBox="0 0 24 24"
                  width="1em"
                  xmlns="http://www.w3.org/2000/svg"
                >
                  <title />
                  <path
                    d="M0 0h24v24H0V0zm22.034 18.276c-.175-1.095-.888-2.015-3.003-2.873-.736-.345-1.554-.585-1.797-1.14-.091-.33-.105-.51-.046-.705.15-.646.915-.84 1.515-.66.39.12.75.42.976.9 1.034-.676 1.034-.676 1.755-1.125-.27-.42-.404-.601-.586-.78-.63-.705-1.469-1.065-2.834-1.034l-.705.089c-.676.165-1.32.525-1.71 1.005-1.14 1.291-.811 3.541.569 4.471 1.365 1.02 3.361 1.244 3.616 2.205.24 1.17-.87 1.545-1.966 1.41-.811-.18-1.26-.586-1.755-1.336l-1.83 1.051c.21.48.45.689.81 1.109 1.74 1.756 6.09 1.666 6.871-1.004.029-.09.24-.705.074-1.65l.046.067zm-8.983-7.245h-2.248c0 1.938-.009 3.864-.009 5.805 0 1.232.063 2.363-.138 2.711-.33.689-1.18.601-1.566.48-.396-.196-.597-.466-.83-.855-.063-.105-.11-.196-.127-.196l-1.825 1.125c.305.63.75 1.172 1.324 1.517.855.51 2.004.675 3.207.405.783-.226 1.458-.691 1.811-1.411.51-.93.402-2.07.397-3.346.012-2.054 0-4.109 0-6.179l.004-.056z"
                  />
                </svg>
              </span>
            </div>
            <div
              class="re-SkillItem"
            >
              <p
                class="re-SkillItem-title"
              >
                TypeScript
              </p>
              <span
                class="re-SkillItem-icon"
              >
                <svg
                  class="Icon Icon--SiTypescript u-SImI"
                  fill="currentColor"
                  height="1em"
                  role="img"
                  stroke="currentColor"
                  stroke-width="0"
                  viewBox="0 0 24 24"
                  width="1em"
                  xmlns="http://www.w3.org/2000/svg"
                >
                  <title />
                  <path
                    d="M1.125 0C.502 0 0 .502 0 1.125v21.75C0 23.498.502 24 1.125 24h21.75c.623 0 1.125-.502 1.125-1.125V1.125C24 .502 23.498 0 22.875 0zm17.363 9.75c.612 0 1.154.037 1.627.111a6.38 6.38 0 0 1 1.306.34v2.458a3.95 3.95 0 0 0-.643-.361 5.093 5.093 0 0 0-.717-.26 5.453 5.453 0 0 0-1.426-.2c-.3 0-.573.028-.819.086a2.1 2.1 0 0 0-.623.242c-.17.104-.3.229-.393.374a.888.888 0 0 0-.14.49c0 .196.053.373.156.529.104.156.252.304.443.444s.423.276.696.41c.273.135.582.274.926.416.47.197.892.407 1.266.628.374.222.695.473.963.753.268.279.472.598.614.957.142.359.214.776.214 1.253 0 .657-.125 1.21-.373 1.656a3.033 3.033 0 0 1-1.012 1.085 4.38 4.38 0 0 1-1.487.596c-.566.12-1.163.18-1.79.18a9.916 9.916 0 0 1-1.84-.164 5.544 5.544 0 0 1-1.512-.493v-2.63a5.033 5.033 0 0 0 3.237 1.2c.333 0 .624-.03.872-.09.249-.06.456-.144.623-.25.166-.108.29-.234.373-.38a1.023 1.023 0 0 0-.074-1.089 2.12 2.12 0 0 0-.537-.5 5.597 5.597 0 0 0-.807-.444 27.72 27.72 0 0 0-1.007-.436c-.918-.383-1.602-.852-2.053-1.405-.45-.553-.676-1.222-.676-2.005 0-.614.123-1.141.369-1.582.246-.441.58-.804 1.004-1.089a4.494 4.494 0 0 1 1.47-.629 7.536 7.536 0 0 1 1.77-.201zm-15.113.188h9.563v2.166H9.506v9.646H6.789v-9.646H3.375z"
                  />
                </svg>
              </span>
            </div>
            <div
              class="re-SkillItem"
            >
              <p
                class="re-SkillItem-title"
              >
                Sass
              </p>
              <span
                class="re-SkillItem-icon"
              >
                <svg
                  class="Icon Icon--SiSass u-SImI"
                  fill="currentColor"
                  height="1em"
                  role="img"
                  stroke="currentColor"
                  stroke-width="0"
                  viewBox="0 0 24 24"
                  width="1em"
                  xmlns="http://www.w3.org/2000/svg"
                >
                  <title />
                  <path
                    d="M12 0c6.627 0 12 5.373 12 12s-5.373 12-12 12S0 18.627 0 12 5.373 0 12 0zM9.615 15.998c.175.645.156 1.248-.024 1.792l-.065.18c-.024.061-.052.12-.078.176-.14.29-.326.56-.555.81-.698.759-1.672 1.047-2.09.805-.45-.262-.226-1.335.584-2.19.871-.918 2.12-1.509 2.12-1.509v-.003l.108-.061zm9.911-10.861c-.542-2.133-4.077-2.834-7.422-1.645-1.989.707-4.144 1.818-5.693 3.267C4.568 8.48 4.275 9.98 4.396 10.607c.427 2.211 3.457 3.657 4.703 4.73v.006c-.367.18-3.056 1.529-3.686 2.925-.675 1.47.105 2.521.615 2.655 1.575.436 3.195-.36 4.065-1.649.84-1.261.766-2.881.404-3.676.496-.135 1.08-.195 1.83-.104 2.101.24 2.521 1.56 2.43 2.1-.09.539-.523.854-.674.944-.15.091-.195.12-.181.181.015.09.091.09.21.075.165-.03 1.096-.45 1.141-1.471.045-1.29-1.186-2.729-3.375-2.7-.9.016-1.471.091-1.875.256-.03-.045-.061-.075-.105-.105-1.35-1.455-3.855-2.475-3.75-4.41.03-.705.285-2.564 4.8-4.814 3.705-1.846 6.661-1.335 7.171-.21.733 1.604-1.576 4.59-5.431 5.024-1.47.165-2.235-.404-2.431-.615-.209-.225-.239-.24-.314-.194-.12.06-.045.255 0 .375.12.3.585.825 1.396 1.095.704.225 2.43.359 4.5-.45 2.324-.899 4.139-3.405 3.614-5.505l.073.067z"
                  />
                </svg>
              </span>
            </div>
            <div
              class="re-SkillItem"
            >
              <p
                class="re-SkillItem-title"
              >
                Tailwind CSS
              </p>
              <span
                class="re-SkillItem-icon"
              >
                <svg
                  class="Icon Icon--SiTailwindcss u-SImI"
                  fill="currentColor"
                  height="1em"
                  role="img"
                  stroke="currentColor"
                  stroke-width="0"
                  viewBox="0 0 24 24"
                  width="1em"
                  xmlns="http://www.w3.org/2000/svg"
                >
                  <title />
                  <path
                    d="M12.001,4.8c-3.2,0-5.2,1.6-6,4.8c1.2-1.6,2.6-2.2,4.2-1.8c0.913,0.228,1.565,0.89,2.288,1.624 C13.666,10.618,15.027,12,18.001,12c3.2,0,5.2-1.6,6-4.8c-1.2,1.6-2.6,2.2-4.2,1.8c-0.913-0.228-1.565-0.89-2.288-1.624 C16.337,6.182,14.976,4.8,12.001,4.8z M6.001,12c-3.2,0-5.2,1.6-6,4.8c1.2-1.6,2.6-2.2,4.2-1.8c0.913,0.228,1.565,0.89,2.288,1.624 c1.177,1.194,2.538,2.576,5.512,2.576c3.2,0,5.2-1.6,6-4.8c-1.2,1.6-2.6,2.2-4.2,1.8c-0.913-0.228-1.565-0.89-2.288-1.624 C10.337,13.382,8.976,12,6.001,12z"
                  />
                </svg>
              </span>
            </div>
            <div
              class="re-SkillItem"
            >
              <p
                class="re-SkillItem-title"
              >
                Material UI
              </p>
              <span
                class="re-SkillItem-icon"
              >
                <svg
                  class="Icon Icon--SiMaterialui u-SImI"
                  fill="currentColor"
                  height="1em"
                  role="img"
                  stroke="currentColor"
                  stroke-width="0"
                  viewBox="0 0 24 24"
                  width="1em"
                  xmlns="http://www.w3.org/2000/svg"
                >
                  <title />
                  <path
                    d="M0 2.475v10.39l3 1.733V7.67l6 3.465 6-3.465v3.465l-6 3.463v3.464l6 3.463 9-5.195V9.402l-3 1.733v3.463l-6 3.464-3-1.732 6-3.465V2.475L9 7.67 0 2.475zm24 0l-3 1.73V7.67l3-1.732V2.474Z"
                  />
                </svg>
              </span>
            </div>
            <div
              class="re-SkillItem"
            >
              <p
                class="re-SkillItem-title"
              >
                React JS
              </p>
              <span
                class="re-SkillItem-icon"
              >
                <svg
                  class="Icon Icon--SiReact u-SImI"
                  fill="currentColor"
                  height="1em"
                  role="img"
                  stroke="currentColor"
                  stroke-width="0"
                  viewBox="0 0 24 24"
                  width="1em"
                  xmlns="http://www.w3.org/2000/svg"
                >
                  <title />
                  <path
                    d="M14.23 12.004a2.236 2.236 0 0 1-2.235 2.236 2.236 2.236 0 0 1-2.236-2.236 2.236 2.236 0 0 1 2.235-2.236 2.236 2.236 0 0 1 2.236 2.236zm2.648-10.69c-1.346 0-3.107.96-4.888 2.622-1.78-1.653-3.542-2.602-4.887-2.602-.41 0-.783.093-1.106.278-1.375.793-1.683 3.264-.973 6.365C1.98 8.917 0 10.42 0 12.004c0 1.59 1.99 3.097 5.043 4.03-.704 3.113-.39 5.588.988 6.38.32.187.69.275 1.102.275 1.345 0 3.107-.96 4.888-2.624 1.78 1.654 3.542 2.603 4.887 2.603.41 0 .783-.09 1.106-.275 1.374-.792 1.683-3.263.973-6.365C22.02 15.096 24 13.59 24 12.004c0-1.59-1.99-3.097-5.043-4.032.704-3.11.39-5.587-.988-6.38-.318-.184-.688-.277-1.092-.278zm-.005 1.09v.006c.225 0 .406.044.558.127.666.382.955 1.835.73 3.704-.054.46-.142.945-.25 1.44-.96-.236-2.006-.417-3.107-.534-.66-.905-1.345-1.727-2.035-2.447 1.592-1.48 3.087-2.292 4.105-2.295zm-9.77.02c1.012 0 2.514.808 4.11 2.28-.686.72-1.37 1.537-2.02 2.442-1.107.117-2.154.298-3.113.538-.112-.49-.195-.964-.254-1.42-.23-1.868.054-3.32.714-3.707.19-.09.4-.127.563-.132zm4.882 3.05c.455.468.91.992 1.36 1.564-.44-.02-.89-.034-1.345-.034-.46 0-.915.01-1.36.034.44-.572.895-1.096 1.345-1.565zM12 8.1c.74 0 1.477.034 2.202.093.406.582.802 1.203 1.183 1.86.372.64.71 1.29 1.018 1.946-.308.655-.646 1.31-1.013 1.95-.38.66-.773 1.288-1.18 1.87-.728.063-1.466.098-2.21.098-.74 0-1.477-.035-2.202-.093-.406-.582-.802-1.204-1.183-1.86-.372-.64-.71-1.29-1.018-1.946.303-.657.646-1.313 1.013-1.954.38-.66.773-1.286 1.18-1.868.728-.064 1.466-.098 2.21-.098zm-3.635.254c-.24.377-.48.763-.704 1.16-.225.39-.435.782-.635 1.174-.265-.656-.49-1.31-.676-1.947.64-.15 1.315-.283 2.015-.386zm7.26 0c.695.103 1.365.23 2.006.387-.18.632-.405 1.282-.66 1.933-.2-.39-.41-.783-.64-1.174-.225-.392-.465-.774-.705-1.146zm3.063.675c.484.15.944.317 1.375.498 1.732.74 2.852 1.708 2.852 2.476-.005.768-1.125 1.74-2.857 2.475-.42.18-.88.342-1.355.493-.28-.958-.646-1.956-1.1-2.98.45-1.017.81-2.01 1.085-2.964zm-13.395.004c.278.96.645 1.957 1.1 2.98-.45 1.017-.812 2.01-1.086 2.964-.484-.15-.944-.318-1.37-.5-1.732-.737-2.852-1.706-2.852-2.474 0-.768 1.12-1.742 2.852-2.476.42-.18.88-.342 1.356-.494zm11.678 4.28c.265.657.49 1.312.676 1.948-.64.157-1.316.29-2.016.39.24-.375.48-.762.705-1.158.225-.39.435-.788.636-1.18zm-9.945.02c.2.392.41.783.64 1.175.23.39.465.772.705 1.143-.695-.102-1.365-.23-2.006-.386.18-.63.406-1.282.66-1.933zM17.92 16.32c.112.493.2.968.254 1.423.23 1.868-.054 3.32-.714 3.708-.147.09-.338.128-.563.128-1.012 0-2.514-.807-4.11-2.28.686-.72 1.37-1.536 2.02-2.44 1.107-.118 2.154-.3 3.113-.54zm-11.83.01c.96.234 2.006.415 3.107.532.66.905 1.345 1.727 2.035 2.446-1.595 1.483-3.092 2.295-4.11 2.295-.22-.005-.406-.05-.553-.132-.666-.38-.955-1.834-.73-3.703.054-.46.142-.944.25-1.438zm4.56.64c.44.02.89.034 1.345.034.46 0 .915-.01 1.36-.034-.44.572-.895 1.095-1.345 1.565-.455-.47-.91-.993-1.36-1.565z"
                  />
                </svg>
              </span>
            </div>
            <div
              class="re-SkillItem"
            >
              <p
                class="re-SkillItem-title"
              >
                React Router
              </p>
              <span
                class="re-SkillItem-icon"
              >
                <svg
                  class="Icon Icon--SiReactrouter u-SImI"
                  fill="currentColor"
                  height="1em"
                  role="img"
                  stroke="currentColor"
                  stroke-width="0"
                  viewBox="0 0 24 24"
                  width="1em"
                  xmlns="http://www.w3.org/2000/svg"
                >
                  <title />
                  <path
                    d="M12.118 5.466a2.306 2.306 0 00-.623.08c-.278.067-.702.332-.953.583-.41.423-.49.609-.662 1.469-.08.423.41 1.43.847 1.734.45.317 1.085.502 2.065.608 1.429.16 1.84.636 1.84 2.197 0 1.377-.385 1.747-1.96 1.906-1.707.172-2.58.834-2.765 2.117-.106.781.41 1.76 1.125 2.091 1.627.768 3.15-.198 3.467-2.196.211-1.284.622-1.642 1.998-1.747 1.588-.133 2.409-.675 2.713-1.787.278-1.02-.304-2.157-1.297-2.554-.264-.106-.873-.238-1.35-.291-1.495-.16-1.879-.424-2.038-1.39-.225-1.337-.317-1.562-.794-2.09a2.174 2.174 0 00-1.613-.73zm-4.785 4.36a2.145 2.145 0 00-.497.048c-1.469.318-2.17 2.051-1.35 3.295 1.178 1.774 3.944.953 3.97-1.177.012-1.193-.98-2.143-2.123-2.166zM2.089 14.19a2.22 2.22 0 00-.427.052c-2.158.476-2.237 3.626-.106 4.182.53.145.582.145 1.111.013 1.191-.318 1.866-1.456 1.549-2.607-.278-1.02-1.144-1.664-2.127-1.64zm19.824.008c-.233.002-.477.058-.784.162-1.39.477-1.866 2.092-.98 3.336.557.794 1.96 1.058 2.82.516 1.416-.874 1.363-3.057-.093-3.746-.38-.186-.663-.271-.963-.268z"
                  />
                </svg>
              </span>
            </div>
            <div
              class="re-SkillItem"
            >
              <p
                class="re-SkillItem-title"
              >
                Redux
              </p>
              <span
                class="re-SkillItem-icon"
              >
                <svg
                  class="Icon Icon--SiRedux u-SImI"
                  fill="currentColor"
                  height="1em"
                  role="img"
                  stroke="currentColor"
                  stroke-width="0"
                  viewBox="0 0 24 24"
                  width="1em"
                  xmlns="http://www.w3.org/2000/svg"
                >
                  <title />
                  <path
                    d="M16.634 16.504c.87-.075 1.543-.84 1.5-1.754-.047-.914-.796-1.648-1.709-1.648h-.061a1.71 1.71 0 00-1.648 1.769c.03.479.226.869.494 1.153-1.048 2.038-2.621 3.536-5.005 4.795-1.603.838-3.296 1.154-4.944.93-1.378-.195-2.456-.81-3.116-1.799-.988-1.499-1.078-3.116-.255-4.734.6-1.17 1.499-2.023 2.099-2.443a9.96 9.96 0 01-.42-1.543C-.868 14.408-.416 18.752.932 20.805c1.004 1.498 3.057 2.456 5.304 2.456.6 0 1.23-.044 1.843-.194 3.897-.749 6.848-3.086 8.541-6.532zm5.348-3.746c-2.32-2.728-5.738-4.226-9.634-4.226h-.51c-.253-.554-.837-.899-1.498-.899h-.045c-.943 0-1.678.81-1.647 1.753.03.898.794 1.648 1.708 1.648h.074a1.69 1.69 0 001.499-1.049h.555c2.309 0 4.495.674 6.488 1.992 1.527 1.005 2.622 2.323 3.237 3.897.538 1.288.509 2.547-.045 3.597-.855 1.647-2.294 2.517-4.196 2.517-1.199 0-2.367-.375-2.967-.644-.36.298-.96.793-1.394 1.093 1.318.598 2.652.943 3.94.943 2.922 0 5.094-1.647 5.919-3.236.898-1.798.824-4.824-1.47-7.416zM6.49 17.042c.03.899.793 1.648 1.708 1.648h.06a1.688 1.688 0 001.648-1.768c0-.9-.779-1.647-1.693-1.647h-.06c-.06 0-.15 0-.226.029-1.243-2.098-1.768-4.347-1.572-6.772.12-1.828.72-3.417 1.797-4.735.9-1.124 2.593-1.68 3.747-1.708 3.236-.061 4.585 3.971 4.689 5.574l1.498.45C17.741 3.197 14.686.62 11.764.62 9.02.62 6.49 2.613 5.47 5.535 4.077 9.43 4.991 13.177 6.7 16.174c-.15.195-.24.539-.21.868z"
                  />
                </svg>
              </span>
            </div>
          </div>
        </div>
      </div>
      <div
        class="re-SkillsSection-wrapSkillCard"
      >
        <div
          class="re-SkillsCard"
        >
          <h1
            class="re-SkillsCard-title"
          >
            Tools
          </h1>
          <div
            class="re-SkillsCard-wrapSkillsItems"
          >
            <div
              class="re-SkillItem"
            >
              <p
                class="re-SkillItem-title"
              >
                Git
              </p>
              <span
                class="re-SkillItem-icon"
              >
                <svg
                  class="Icon Icon--SiGit u-SImI"
                  fill="currentColor"
                  height="1em"
                  role="img"
                  stroke="currentColor"
                  stroke-width="0"
                  viewBox="0 0 24 24"
                  width="1em"
                  xmlns="http://www.w3.org/2000/svg"
                >
                  <title />
                  <path
                    d="M23.546 10.93L13.067.452c-.604-.603-1.582-.603-2.188 0L8.708 2.627l2.76 2.76c.645-.215 1.379-.07 1.889.441.516.515.658 1.258.438 1.9l2.658 2.66c.645-.223 1.387-.078 1.9.435.721.72.721 1.884 0 2.604-.719.719-1.881.719-2.6 0-.539-.541-.674-1.337-.404-1.996L12.86 8.955v6.525c.176.086.342.203.488.348.713.721.713 1.883 0 2.6-.719.721-1.889.721-2.609 0-.719-.719-.719-1.879 0-2.598.182-.18.387-.316.605-.406V8.835c-.217-.091-.424-.222-.6-.401-.545-.545-.676-1.342-.396-2.009L7.636 3.7.45 10.881c-.6.605-.6 1.584 0 2.189l10.48 10.477c.604.604 1.582.604 2.186 0l10.43-10.43c.605-.603.605-1.582 0-2.187"
                  />
                </svg>
              </span>
            </div>
            <div
              class="re-SkillItem"
            >
              <p
                class="re-SkillItem-title"
              >
                GitHub
              </p>
              <span
                class="re-SkillItem-icon"
              >
                <svg
                  class="Icon Icon--SiGithub u-SImI"
                  fill="currentColor"
                  height="1em"
                  role="img"
                  stroke="currentColor"
                  stroke-width="0"
                  viewBox="0 0 24 24"
                  width="1em"
                  xmlns="http://www.w3.org/2000/svg"
                >
                  <title />
                  <path
                    d="M12 .297c-6.63 0-12 5.373-12 12 0 5.303 3.438 9.8 8.205 11.385.6.113.82-.258.82-.577 0-.285-.01-1.04-.015-2.04-3.338.724-4.042-1.61-4.042-1.61C4.422 18.07 3.633 17.7 3.633 17.7c-1.087-.744.084-.729.084-.729 1.205.084 1.838 1.236 1.838 1.236 1.07 1.835 2.809 1.305 3.495.998.108-.776.417-1.305.76-1.605-2.665-.3-5.466-1.332-5.466-5.93 0-1.31.465-2.38 1.235-3.22-.135-.303-.54-1.523.105-3.176 0 0 1.005-.322 3.3 1.23.96-.267 1.98-.399 3-.405 1.02.006 2.04.138 3 .405 2.28-1.552 3.285-1.23 3.285-1.23.645 1.653.24 2.873.12 3.176.765.84 1.23 1.91 1.23 3.22 0 4.61-2.805 5.625-5.475 5.92.42.36.81 1.096.81 2.22 0 1.606-.015 2.896-.015 3.286 0 .315.21.69.825.57C20.565 22.092 24 17.592 24 12.297c0-6.627-5.373-12-12-12"
                  />
                </svg>
              </span>
            </div>
            <div
              class="re-SkillItem"
            >
              <p
                class="re-SkillItem-title"
              >
                Vite
              </p>
              <span
                class="re-SkillItem-icon"
              >
                <svg
                  class="Icon Icon--SiVite u-SImI"
                  fill="currentColor"
                  height="1em"
                  role="img"
                  stroke="currentColor"
                  stroke-width="0"
                  viewBox="0 0 24 24"
                  width="1em"
                  xmlns="http://www.w3.org/2000/svg"
                >
                  <title />
                  <path
                    d="m8.286 10.578.512-8.657a.306.306 0 0 1 .247-.282L17.377.006a.306.306 0 0 1 .353.385l-1.558 5.403a.306.306 0 0 0 .352.385l2.388-.46a.306.306 0 0 1 .332.438l-6.79 13.55-.123.19a.294.294 0 0 1-.252.14c-.177 0-.35-.152-.305-.369l1.095-5.301a.306.306 0 0 0-.388-.355l-1.433.435a.306.306 0 0 1-.389-.354l.69-3.375a.306.306 0 0 0-.37-.36l-2.32.536a.306.306 0 0 1-.374-.316zm14.976-7.926L17.284 3.74l-.544 1.887 2.077-.4a.8.8 0 0 1 .84.369.8.8 0 0 1 .034.783L12.9 19.93l-.013.025-.015.023-.122.19a.801.801 0 0 1-.672.37.826.826 0 0 1-.634-.302.8.8 0 0 1-.16-.67l1.029-4.981-1.12.34a.81.81 0 0 1-.86-.262.802.802 0 0 1-.165-.67l.63-3.08-2.027.468a.808.808 0 0 1-.768-.233.81.81 0 0 1-.217-.6l.389-6.57-7.44-1.33a.612.612 0 0 0-.64.906L11.58 23.691a.612.612 0 0 0 1.066-.004l11.26-20.135a.612.612 0 0 0-.644-.9z"
                  />
                </svg>
              </span>
            </div>
            <div
              class="re-SkillItem"
            >
              <p
                class="re-SkillItem-title"
              >
                Vitest
              </p>
              <span
                class="re-SkillItem-icon"
              >
                <svg
                  class="Icon Icon--SiVite u-SImI"
                  fill="currentColor"
                  height="1em"
                  role="img"
                  stroke="currentColor"
                  stroke-width="0"
                  viewBox="0 0 24 24"
                  width="1em"
                  xmlns="http://www.w3.org/2000/svg"
                >
                  <title />
                  <path
                    d="m8.286 10.578.512-8.657a.306.306 0 0 1 .247-.282L17.377.006a.306.306 0 0 1 .353.385l-1.558 5.403a.306.306 0 0 0 .352.385l2.388-.46a.306.306 0 0 1 .332.438l-6.79 13.55-.123.19a.294.294 0 0 1-.252.14c-.177 0-.35-.152-.305-.369l1.095-5.301a.306.306 0 0 0-.388-.355l-1.433.435a.306.306 0 0 1-.389-.354l.69-3.375a.306.306 0 0 0-.37-.36l-2.32.536a.306.306 0 0 1-.374-.316zm14.976-7.926L17.284 3.74l-.544 1.887 2.077-.4a.8.8 0 0 1 .84.369.8.8 0 0 1 .034.783L12.9 19.93l-.013.025-.015.023-.122.19a.801.801 0 0 1-.672.37.826.826 0 0 1-.634-.302.8.8 0 0 1-.16-.67l1.029-4.981-1.12.34a.81.81 0 0 1-.86-.262.802.802 0 0 1-.165-.67l.63-3.08-2.027.468a.808.808 0 0 1-.768-.233.81.81 0 0 1-.217-.6l.389-6.57-7.44-1.33a.612.612 0 0 0-.64.906L11.58 23.691a.612.612 0 0 0 1.066-.004l11.26-20.135a.612.612 0 0 0-.644-.9z"
                  />
                </svg>
              </span>
            </div>
            <div
              class="re-SkillItem"
            >
              <p
                class="re-SkillItem-title"
              >
                Testing Library
              </p>
              <span
                class="re-SkillItem-icon"
              >
                <svg
                  class="Icon Icon--SiTestinglibrary u-SImI"
                  fill="currentColor"
                  height="1em"
                  role="img"
                  stroke="currentColor"
                  stroke-width="0"
                  viewBox="0 0 24 24"
                  width="1em"
                  xmlns="http://www.w3.org/2000/svg"
                >
                  <title />
                  <path
                    d="M23.447 9.756c.028.05.053.113.078.186-.028-.06-.047-.129-.078-.186.592 2.304-1.95 5.003-5.13 4.239h.001c4.596-3.01 2.332-6.772.19-8.58-1.762-1.49-.721-1.95.021-1.95.237 0 .443.046.519.121l-.005-.004.006.004c-.018-1.433-5.066-1.11-.65 3.494 2.268 2.365-.408 7.596-3.596 3.618a.974.974 0 0 1-.071-.113c.515-.214.937-.795.937-1.753a2.383 2.383 0 0 0-.197-.986c.368-.75.707-1.647.707-2.77 0-2.684-1.742-5.076-4.18-5.076s-4.18 2.392-4.18 5.076c0 1.123.339 2.02.707 2.771a2.374 2.374 0 0 0-.197.988c0 .958.421 1.54.937 1.753a.985.985 0 0 1-.072.113C6.006 14.679 3.33 9.447 5.598 7.083c4.417-4.604-.633-4.926-.651-3.494l.008-.004c.078-.074.28-.12.515-.12.742 0 1.783.46.021 1.95-2.133 1.8-4.383 5.538.139 8.542.018.013.03.027.049.04-3.176.764-5.714-1.928-5.131-4.232l.004-.01c-.001.002-.002.005-.004.006l.001-.003-.003.007c-1.174 1.61-.606 5.779 3.778 6.168.019.003.035.009.054.012-4.36 1-3.048 7.02.021 6.056L4.388 22l.016-.003C2.27 21.652 2.11 19 3.176 18.087c1.172-1.006 2.519-.137 5.302-.932l.03-.004c-.03 2.446 2.352 3.76 1.103 5.16-1.316 1.473-3.112-.1-2.858-1.55l.006-.029-.004.008v-.004l-.004.012C5.65 22.598 7.044 24 8.61 24c.899 0 1.855-.462 2.429-1.567 1.214-2.337-2.385-6.432.96-6.432 3.344 0-.255 4.095.959 6.432.574 1.105 1.53 1.567 2.43 1.567 1.571 0 2.97-1.411 1.85-3.268l.005.021-.006-.017c.276 1.457-1.533 3.057-2.855 1.575-1.244-1.404 1.131-2.718 1.106-5.163 2.806.812 4.157-.072 5.334.94 1.066.911.906 3.564-1.228 3.91h.007c3.07.958 4.377-5.054.018-6.057l.005-.001c4.44-.362 5.009-4.573 3.822-6.184zm-20.238.39C3.072 7.9 5.019 6.073 5.62 5.565c.838-.707 1.165-1.272.998-1.727a.809.809 0 0 0-.656-.512 1.411 1.411 0 0 0-.573.03c.169-.082.365-.13.574-.13.475 0 .866.223.995.569.117.313.12 1.007-1.174 2.133-2.047 1.783-2.213 3.922-1.685 5.33.458 1.223 1.47 2.014 2.58 2.014.177 0 .355-.02.533-.057-.54.46-1.16.61-1.412.656-1.494-1.045-2.512-2.419-2.591-3.727zm5.208 6.873c-1.135.302-2.295.319-3.038.323-.924.006-1.655.01-2.333.593-.617.528-.873 1.594-.609 2.536.091.325.19.656.426.857.178.153.482.37.787.522l-.016-.004c.019.01.033.023.052.033-.993-.212-1.572-1.18-1.642-2.134-.088-1.205.602-2.728 2.832-3.055.354-.052.728-.083 1.101-.114.91-.076 1.85-.155 2.497-.54-.024.38-.046.788-.057.983zm.25-2.684c-.65.998-1.936 1.153-3.07 1.29-.32.038-.613.083-.883.138l-.356-.024c-1.801-.156-3.141-1.006-3.775-2.396a4.068 4.068 0 0 1-.353-2.055s.038-.376.108-.77c-.087 1.095.207 2.138.88 2.997a4.649 4.649 0 0 0 3.636 1.762c1.33 0 2.588-.59 3.545-1.663.33-.37.478-.398.516-.398.128.186.019.708-.247 1.119zm6.372-5.503c0 1.347-1.527 1.347-1.527 0s1.527-1.347 1.527 0zM13.234 3.34c0 .741-1.235.741-1.235 0 0-.74 1.235-.74 1.235 0zm-.258 8.156c0 .749-.06 1.356-.133 1.356s-.126-.605-.125-1.355c0-.75.062-1.356.133-1.356.07 0 .128.606.125 1.355zm-.952-1.614c.056 0 .1.73.1 1.631s-.044 1.631-.1 1.631-.1-.73-.1-1.63c0-.902.045-1.632.1-1.632zm-.193-8.21c0 .511-.849.511-.849 0s.85-.506.85 0zm-.587 4.22c0-.354.587-.351.587 0 0 .354-.587.354-.587 0zm.046 5.622c0 .768-.064 1.39-.137 1.39-.073 0-.132-.622-.131-1.389s.064-1.389.138-1.389c.074 0 .132.62.13 1.388zm0-7.495c0 .51-.849.51-.849 0s.849-.51.849 0zm-1.147-1.234c0 .353-.587.353-.587 0s.587-.353.587 0zm-.08 2.508c0 .255-.425.255-.425 0 0-.256.424-.256.424 0zm-1.1 3.54c0-1.347 1.528-1.347 1.528 0s-1.528 1.347-1.528 0zm5.327 9.088c-.078.74-.273 1.38-.446 1.946-.347 1.138-.622 2.036.242 3.002.363.407.829.622 1.346.622.64 0 1.278-.34 1.664-.889a1.97 1.97 0 0 0 .325-.844c.017.16.026.31.015.417a1.623 1.623 0 0 1-.197.646c-.336.595-1.063.98-1.85.98-.95 0-1.77-.532-2.253-1.459-.481-.927-.132-2.214.177-3.35.302-1.115.564-2.077.104-2.678-.263-.345-.727-.512-1.417-.512-.691 0-1.155.167-1.418.512-.46.6-.198 1.563.104 2.678.309 1.136.658 2.423.177 3.35-.482.927-1.303 1.459-2.252 1.459-.788 0-1.515-.385-1.851-.98a1.623 1.623 0 0 1-.182-1.058c.048.296.142.582.323.84.387.547 1.025.888 1.665.888.518 0 .984-.215 1.348-.622.862-.966.588-1.862.24-2.998-.173-.567-.369-1.21-.445-1.95-.1-.966.119-1.827.6-2.36.399-.441.967-.666 1.69-.666s1.293.224 1.69.665c.48.533.7 1.393.6 2.36zm3.029-4.647c1.11 0 2.122-.79 2.579-2.014.526-1.408.36-3.547-1.69-5.33-1.295-1.127-1.292-1.82-1.175-2.134.13-.345.52-.569.994-.569.193 0 .372.045.532.115l.011.004a1.466 1.466 0 0 0-.533-.018.809.809 0 0 0-.656.512c-.166.455.16 1.02.998 1.728.6.507 2.548 2.334 2.411 4.578-.08 1.308-1.097 2.682-2.591 3.727a3.072 3.072 0 0 1-1.412-.656c.177.038.356.057.532.057zm4.635 6.469c-.07.956-.65 1.922-1.645 2.134.015-.008.028-.018.042-.027.305-.153.608-.368.785-.52.235-.202.335-.533.426-.858.264-.942.008-2.008-.609-2.536-.678-.582-1.409-.587-2.333-.593-.743-.004-1.903-.021-3.04-.323-.01-.196-.03-.602-.054-.983.647.386 1.589.465 2.5.542.373.031.744.062 1.097.113 2.23.327 2.919 1.848 2.83 3.05zm-2.666-3.979c-.271-.056-.565-.1-.886-.14-1.135-.136-2.421-.291-3.07-1.29-.268-.41-.38-.93-.292-1.09a.145.145 0 0 1 .048-.009c.09 0 .238.073.511.379.957 1.073 2.217 1.663 3.546 1.663 1.414 0 2.774-.66 3.637-1.763.672-.858.965-1.9.88-2.994.07.393.107.77.107.77a4.068 4.068 0 0 1-.353 2.054c-.634 1.39-1.974 2.24-3.775 2.396l-.353.024zm-9.69-7.495a.236.236 0 0 1 .11.221.236.236 0 1 1-.47 0 .235.235 0 0 1 .36-.221zm4.295.443a.235.235 0 0 1-.11-.222.235.235 0 1 1 .469 0 .236.236 0 0 1-.359.222z"
                  />
                </svg>
              </span>
            </div>
            <div
              class="re-SkillItem"
            >
              <p
                class="re-SkillItem-title"
              >
                Pnpm
              </p>
              <span
                class="re-SkillItem-icon"
              >
                <svg
                  class="Icon Icon--SiPnpm u-SImI"
                  fill="currentColor"
                  height="1em"
                  role="img"
                  stroke="currentColor"
                  stroke-width="0"
                  viewBox="0 0 24 24"
                  width="1em"
                  xmlns="http://www.w3.org/2000/svg"
                >
                  <title />
                  <path
                    d="M0 0v7.5h7.5V0zm8.25 0v7.5h7.498V0zm8.25 0v7.5H24V0zM8.25 8.25v7.5h7.498v-7.5zm8.25 0v7.5H24v-7.5zM0 16.5V24h7.5v-7.5zm8.25 0V24h7.498v-7.5zm8.25 0V24H24v-7.5z"
                  />
                </svg>
              </span>
            </div>
          </div>
        </div>
      </div>
    </div>
  </section>
</div>
`;
